AR system structure C:/developuni/ies_project/projects/xupv5_final/hdl/system.vhd sub00/vhpl01 1345534459
AR system_top structure C:/developuni/ies_project/projects/xupv5_final/system_top.vhd sub00/vhpl03 1345534461
EN system_top NULL C:/developuni/ies_project/projects/xupv5_final/system_top.vhd sub00/vhpl02 1345534460
EN system NULL C:/developuni/ies_project/projects/xupv5_final/hdl/system.vhd sub00/vhpl00 1345534458
