AR system structure H:/studium/ies-project/projects/xupv5_final/hdl/system.vhd sub00/vhpl01 1346947156
AR system_top structure H:/studium/ies-project/projects/xupv5_final/system_top.vhd sub00/vhpl03 1346947158
EN system_top NULL H:/studium/ies-project/projects/xupv5_final/system_top.vhd sub00/vhpl02 1346947157
EN system NULL H:/studium/ies-project/projects/xupv5_final/hdl/system.vhd sub00/vhpl00 1346947155
