C:\developuni\ies_project\projects\xupv5_final_project\xupv5_final\system_top.ngc 1345534548
C:\developuni\ies_project\projects\xupv5_final_project\xupv5_final/system.ngc 1345538255
C:\developuni\ies_project\projects\xupv5_final_project\xupv5_final/system_microblaze_0_wrapper.ngc 1345538255
C:\developuni\ies_project\projects\xupv5_final_project\xupv5_final/system_mb_plb_wrapper.ngc 1345538255
C:\developuni\ies_project\projects\xupv5_final_project\xupv5_final/system_ilmb_wrapper.ngc 1345538255
C:\developuni\ies_project\projects\xupv5_final_project\xupv5_final/system_dlmb_wrapper.ngc 1345538255
C:\developuni\ies_project\projects\xupv5_final_project\xupv5_final/system_dlmb_cntlr_wrapper.ngc 1345538255
C:\developuni\ies_project\projects\xupv5_final_project\xupv5_final/system_ilmb_cntlr_wrapper.ngc 1345538255
C:\developuni\ies_project\projects\xupv5_final_project\xupv5_final/system_lmb_bram_wrapper.ngc 1345538255
C:\developuni\ies_project\projects\xupv5_final_project\xupv5_final/system_rs232_uart_1_wrapper.ngc 1345538255
C:\developuni\ies_project\projects\xupv5_final_project\xupv5_final/system_leds_8bit_wrapper.ngc 1345538255
C:\developuni\ies_project\projects\xupv5_final_project\xupv5_final/system_leds_positions_wrapper.ngc 1345538255
C:\developuni\ies_project\projects\xupv5_final_project\xupv5_final/system_push_buttons_5bit_wrapper.ngc 1345538255
C:\developuni\ies_project\projects\xupv5_final_project\xupv5_final/system_dip_switches_8bit_wrapper.ngc 1345538255
C:\developuni\ies_project\projects\xupv5_final_project\xupv5_final/system_iic_eeprom_wrapper.ngc 1345538255
C:\developuni\ies_project\projects\xupv5_final_project\xupv5_final/system_ddr2_sdram_wrapper.ngc 1345538255
C:\developuni\ies_project\projects\xupv5_final_project\xupv5_final/system_hard_ethernet_mac_wrapper.ngc 1345538255
C:\developuni\ies_project\projects\xupv5_final_project\xupv5_final/system_xps_timer_0_wrapper.ngc 1345538255
C:\developuni\ies_project\projects\xupv5_final_project\xupv5_final/system_clock_generator_0_wrapper.ngc 1345538255
C:\developuni\ies_project\projects\xupv5_final_project\xupv5_final/system_mdm_0_wrapper.ngc 1345538255
C:\developuni\ies_project\projects\xupv5_final_project\xupv5_final/system_proc_sys_reset_0_wrapper.ngc 1345538255
C:\developuni\ies_project\projects\xupv5_final_project\xupv5_final/system_xps_intc_0_wrapper.ngc 1345538255
OK
